these 4 derivations will be built:
  /nix/store/nhk4rxfx0yd4sm22qb816h8ap8h5ac77-source.drv
  /nix/store/dqxl2lwsgbamlimk4a8fn1lkmbs3qcnx-rocm-runtime-7.2.0.drv
  /nix/store/ffrr7bkfdc24mwgny9h7l0lr28qhvpam-clr-7.2.0.drv
  /nix/store/nq3rvf1l9ym63iwvb7kz318i40yprqw0-rocm-core-7.2.0.drv
building '/nix/store/ffrr7bkfdc24mwgny9h7l0lr28qhvpam-clr-7.2.0.drv'...
building '/nix/store/nhk4rxfx0yd4sm22qb816h8ap8h5ac77-source.drv'...
error: Cannot build '/nix/store/ffrr7bkfdc24mwgny9h7l0lr28qhvpam-clr-7.2.0.drv'.
       Reason: builder failed with exit code 1.
       Output paths:
         /nix/store/0lvrpc7q8088b21mahhk4s1wd9dziwpq-clr-7.2.0-icd
         /nix/store/82kfhh82rv1abdkdj8j8nz9r3s82swlk-clr-7.2.0
       Last 25 log lines:
       > Hunk #25 FAILED at 442.
       > Hunk #26 FAILED at 451.
       > Hunk #27 FAILED at 459.
       > Hunk #28 FAILED at 467.
       > Hunk #29 FAILED at 475.
       > Hunk #30 FAILED at 483.
       > Hunk #31 FAILED at 491.
       > Hunk #32 FAILED at 499.
       > Hunk #33 FAILED at 523.
       > Hunk #34 FAILED at 539.
       > Hunk #35 FAILED at 547.
       > Hunk #36 FAILED at 567.
       > Hunk #37 FAILED at 575.
       > Hunk #38 FAILED at 583.
       > Hunk #39 FAILED at 591.
       > Hunk #40 FAILED at 599.
       > Hunk #41 FAILED at 607.
       > Hunk #42 FAILED at 615.
       > Hunk #43 FAILED at 623.
       > Hunk #44 FAILED at 631.
       > Hunk #45 FAILED at 639.
       > Hunk #46 FAILED at 647.
       > Hunk #47 FAILED at 655.
       > Hunk #48 FAILED at 974.
       > 48 out of 48 hunks FAILED -- saving rejects to file hipamd/include/hip/amd_detail/amd_hip_bf16.h.rej
       For full logs, run:
         nix log /nix/store/ffrr7bkfdc24mwgny9h7l0lr28qhvpam-clr-7.2.0.drv
error: Cannot build '/nix/store/nq3rvf1l9ym63iwvb7kz318i40yprqw0-rocm-core-7.2.0.drv'.
       Reason: 1 dependency failed.
       Output paths:
         /nix/store/x11y06icb336dd44rcn466wz6k2jjjqs-rocm-core-7.2.0
