these 3 derivations will be built:
  /nix/store/2m4hdfj8ann4hp3x60myhpwsd9d443dq-clr-7.2.0.drv
  /nix/store/vkq3qqj4r64whcnfrjqldryygssqdkq7-rocm-runtime-7.2.0.drv
  /nix/store/kf76zi96z75cnr7i4b8np4xsvbqxrsdh-rocm-core-7.2.0.drv
building '/nix/store/2m4hdfj8ann4hp3x60myhpwsd9d443dq-clr-7.2.0.drv'...
building '/nix/store/vkq3qqj4r64whcnfrjqldryygssqdkq7-rocm-runtime-7.2.0.drv'...
rocm-runtime> Running phase: unpackPhase
rocm-runtime> unpacking source archive /nix/store/lbzd6dvxagdvqbcp044qhczh4gqzqkv9-source
clr> Running phase: unpackPhase
clr> unpacking source archive /nix/store/xw8m19c4ijcqpz3cc9s9avpmd3rx0fmc-source
rocm-runtime> source root is source/runtime
rocm-runtime> Running phase: patchPhase
rocm-runtime> patching script interpreter paths in image/blit_src/create_hsaco_ascii_file.sh
rocm-runtime> find: 'image/blit_src/create_hsaco_ascii_file.sh': No such file or directory
rocm-runtime> patching script interpreter paths in core/runtime/trap_handler/create_trap_handler_header.sh
rocm-runtime> find: 'core/runtime/trap_handler/create_trap_handler_header.sh': No such file or directory
rocm-runtime> patching script interpreter paths in core/runtime/blit_shaders/create_blit_shader_header.sh
rocm-runtime> find: 'core/runtime/blit_shaders/create_blit_shader_header.sh': No such file or directory
rocm-runtime> substitute(): ERROR: file 'CMakeLists.txt' does not exist
error: Cannot build '/nix/store/vkq3qqj4r64whcnfrjqldryygssqdkq7-rocm-runtime-7.2.0.drv'.
       Reason: builder failed with exit code 1.
       Output paths:
         /nix/store/qi9kqabg5xgnrpyzz5ir5vxngyclxymn-rocm-runtime-7.2.0
       Last 11 log lines:
       > Running phase: unpackPhase
       > unpacking source archive /nix/store/lbzd6dvxagdvqbcp044qhczh4gqzqkv9-source
       > source root is source/runtime
       > Running phase: patchPhase
       > patching script interpreter paths in image/blit_src/create_hsaco_ascii_file.sh
       > find: 'image/blit_src/create_hsaco_ascii_file.sh': No such file or directory
       > patching script interpreter paths in core/runtime/trap_handler/create_trap_handler_header.sh
       > find: 'core/runtime/trap_handler/create_trap_handler_header.sh': No such file or directory
       > patching script interpreter paths in core/runtime/blit_shaders/create_blit_shader_header.sh
       > find: 'core/runtime/blit_shaders/create_blit_shader_header.sh': No such file or directory
       > substitute(): ERROR: file 'CMakeLists.txt' does not exist
       For full logs, run:
         nix log /nix/store/vkq3qqj4r64whcnfrjqldryygssqdkq7-rocm-runtime-7.2.0.drv
error: Cannot build '/nix/store/kf76zi96z75cnr7i4b8np4xsvbqxrsdh-rocm-core-7.2.0.drv'.
       Reason: 1 dependency failed.
       Output paths:
         /nix/store/ypjdr7rhx07lafflrnc5vh4sny4m1ib3-rocm-core-7.2.0
