these 4 derivations will be built:
  /nix/store/nhk4rxfx0yd4sm22qb816h8ap8h5ac77-source.drv
  /nix/store/dqxl2lwsgbamlimk4a8fn1lkmbs3qcnx-rocm-runtime-7.2.0.drv
  /nix/store/ffrr7bkfdc24mwgny9h7l0lr28qhvpam-clr-7.2.0.drv
  /nix/store/nq3rvf1l9ym63iwvb7kz318i40yprqw0-rocm-core-7.2.0.drv
building '/nix/store/ffrr7bkfdc24mwgny9h7l0lr28qhvpam-clr-7.2.0.drv'...
building '/nix/store/nhk4rxfx0yd4sm22qb816h8ap8h5ac77-source.drv'...
source> 
source> trying https://github.com/ROCm/ROCR-Runtime/archive/rocm-7.2.0.tar.gz
source>   % Total    % Received % Xferd  Average Speed   Time    Time     Time  Current
source>                                  Dload  Upload   Total   Spent    Left  Speed
clr> Running phase: unpackPhase
clr> unpacking source archive /nix/store/xw8m19c4ijcqpz3cc9s9avpmd3rx0fmc-source
source>   0     0    0     0    0     0      0      0 --:--:-- --:--:-- --:--:--     0
clr> source root is source
clr> Running phase: patchPhase
clr> applying patch /nix/store/f8as3rqlghryjjyr4dg78fkb91y2gnf2-add-missing-operators.patch
clr> patching file hipamd/include/hip/amd_detail/amd_hip_bf16.h
clr> Hunk #1 FAILED at 87.
clr> Hunk #2 FAILED at 96.
clr> Hunk #3 FAILED at 189.
clr> Hunk #4 FAILED at 197.
clr> Hunk #5 FAILED at 225.
clr> Hunk #6 FAILED at 233.
clr> Hunk #7 FAILED at 253.
clr> Hunk #8 FAILED at 261.
clr> Hunk #9 FAILED at 281.
clr> Hunk #10 FAILED at 289.
clr> Hunk #11 FAILED at 297.
clr> Hunk #12 FAILED at 305.
clr> Hunk #13 FAILED at 314.
clr> Hunk #14 FAILED at 322.
clr> Hunk #15 FAILED at 330.
clr> Hunk #16 FAILED at 348.
clr> Hunk #17 FAILED at 356.
clr> Hunk #18 FAILED at 366.
clr> Hunk #19 FAILED at 376.
clr> Hunk #20 FAILED at 385.
clr> Hunk #21 FAILED at 393.
clr> Hunk #22 FAILED at 410.
clr> Hunk #23 FAILED at 418.
clr> Hunk #24 FAILED at 426.
clr> Hunk #25 FAILED at 442.
clr> Hunk #26 FAILED at 451.
clr> Hunk #27 FAILED at 459.
clr> Hunk #28 FAILED at 467.
clr> Hunk #29 FAILED at 475.
clr> Hunk #30 FAILED at 483.
clr> Hunk #31 FAILED at 491.
clr> Hunk #32 FAILED at 499.
clr> Hunk #33 FAILED at 523.
clr> Hunk #34 FAILED at 539.
clr> Hunk #35 FAILED at 547.
clr> Hunk #36 FAILED at 567.
clr> Hunk #37 FAILED at 575.
clr> Hunk #38 FAILED at 583.
clr> Hunk #39 FAILED at 591.
clr> Hunk #40 FAILED at 599.
clr> Hunk #41 FAILED at 607.
clr> Hunk #42 FAILED at 615.
clr> Hunk #43 FAILED at 623.
clr> Hunk #44 FAILED at 631.
clr> Hunk #45 FAILED at 639.
clr> Hunk #46 FAILED at 647.
clr> Hunk #47 FAILED at 655.
clr> Hunk #48 FAILED at 974.
clr> 48 out of 48 hunks FAILED -- saving rejects to file hipamd/include/hip/amd_detail/amd_hip_bf16.h.rej
error: Cannot build '/nix/store/ffrr7bkfdc24mwgny9h7l0lr28qhvpam-clr-7.2.0.drv'.
       Reason: builder failed with exit code 1.
       Output paths:
         /nix/store/0lvrpc7q8088b21mahhk4s1wd9dziwpq-clr-7.2.0-icd
         /nix/store/82kfhh82rv1abdkdj8j8nz9r3s82swlk-clr-7.2.0
       Last 25 log lines:
       > Hunk #25 FAILED at 442.
       > Hunk #26 FAILED at 451.
       > Hunk #27 FAILED at 459.
       > Hunk #28 FAILED at 467.
       > Hunk #29 FAILED at 475.
       > Hunk #30 FAILED at 483.
       > Hunk #31 FAILED at 491.
       > Hunk #32 FAILED at 499.
       > Hunk #33 FAILED at 523.
       > Hunk #34 FAILED at 539.
       > Hunk #35 FAILED at 547.
       > Hunk #36 FAILED at 567.
       > Hunk #37 FAILED at 575.
       > Hunk #38 FAILED at 583.
       > Hunk #39 FAILED at 591.
       > Hunk #40 FAILED at 599.
       > Hunk #41 FAILED at 607.
       > Hunk #42 FAILED at 615.
       > Hunk #43 FAILED at 623.
       > Hunk #44 FAILED at 631.
       > Hunk #45 FAILED at 639.
       > Hunk #46 FAILED at 647.
       > Hunk #47 FAILED at 655.
       > Hunk #48 FAILED at 974.
       > 48 out of 48 hunks FAILED -- saving rejects to file hipamd/include/hip/amd_detail/amd_hip_bf16.h.rej
       For full logs, run:
         nix log /nix/store/ffrr7bkfdc24mwgny9h7l0lr28qhvpam-clr-7.2.0.drv
error: Cannot build '/nix/store/nq3rvf1l9ym63iwvb7kz318i40yprqw0-rocm-core-7.2.0.drv'.
       Reason: 1 dependency failed.
       Output paths:
         /nix/store/x11y06icb336dd44rcn466wz6k2jjjqs-rocm-core-7.2.0
